0 0.000000e+00 1.000000e-04 0 single_file little rho vx1 vx2 prs 
1 1.000000e+00 3.293490e-04 350 single_file little rho vx1 vx2 prs 
